

Tstate marche pas PH.tex (atteingnabilité, point fixe)

2 fig tikZ cote à cote


Ne pas oublier les etapes de résolution d'un prog en ASP

Exemple atteignabilité: resultat du test par clingo sur ubuntu
referene vers les modeles pint + ref sientifique